               .deffile adi_defs.asm
               .deffile ddi_defs.asm
               .deffile reg_defs.asm
               .deffile sce_defs.asm
               
               ; Number of supported tasks
               .define TASK_COUNT      1
               
               ; Resource-specified definitions, if any
               .define AUXIO_I2C_SCL           13
               .define AUXIO_I2C_SDA           12
               .define I2C_BASE_DELAY          9
               .define I2C_EXT_DELAY           4
               .define I2C_STRETCH_TIMEOUT_US  10
               .define I2C_WAIT_STRETCH_DELAY  5
               .alias  i2cTaskName             temperature
               
               
               .segment begin "Framework"
               
               
               VectorTable:
0000 ---- 1408                         jsr         PowerUp
0001 ---- 040c                         jmp         TaskCtrlReqVector
0002 ---- 1408                         jsr         PowerUp
0003 ---- 042c                         jmp         AonRtcCh2Vector
0004 ---- 1408                         jsr         PowerUp
0005 ---- 0447                         jmp         Event0Vector
0006 ---- 1408                         jsr         PowerUp
0007 ---- 044d                         jmp         TaskAlertAckVector
               
               
               
               
               PowerUp:
                                       ; Deassert the power-down request
0008 ---- 4436                         iobclr      #0, [#IOP_WUC_PWRDWNREQ]
               
                                       ; Wait for it to take effect
0009 ---- 2437 /waitForPdAck:          iobtst      #0, [#IOP_WUC_PWRDWNACK]
000a ---- aefe                         biob1       /waitForPdAck
               
               FwEmptyFunc:            ; Done
000b ---- adb7                         rts
               
               
               
               
               TaskCtrlReqVector:
                                       ; Clear the vector flag
000c ---- 6442                         iobset      #0, [#IOP_EVCTL_VECFLAGSCLR]
               
                                       ; For each task ...
000d ---- 7000                         ld          R7, #0
               /loop:
                                           ; Save the task ID
000e ---- 7c6b                             st          R7, [#fwCtrlInt/taskId]
               
                                           ; Handle initialize request, if any
000f ---- 6871                             ld          R6, [#fwCtrlExt/bvTaskInitializeReq]
0010 ---- 0068                             ld          R0, #pFwTaskInitializeFuncTable
0011 ---- 1425                             jsr         /handleReq
               
                                           ; Handle execute request, if any
0012 ---- 6872                             ld          R6, [#fwCtrlExt/bvTaskExecuteReq]
0013 ---- 0069                             ld          R0, #pFwTaskExecuteFuncTable
0014 ---- 1425                             jsr         /handleReq
               
                                           ; Handle terminate request, if any
0015 ---- 6873                             ld          R6, [#fwCtrlExt/bvTaskTerminateReq]
0016 ---- 006a                             ld          R0, #pFwTaskTerminateFuncTable
0017 ---- 1425                             jsr         /handleReq
               
                                           ; Move on to the next task
0018 ---- 786b                             ld          R7, [#fwCtrlInt/taskId]
0019 ---- f801                             add         R7, #1
               
001a ---- fa01                         cmp         R7, #TASK_COUNT
001b ---- bef2                         bneq        /loop
               
                                       ; Update which tasks are ...
001c ---- 786f                         ld          R7, [#fwCtrlExt/bvActiveTasks]
                                       ; ... currently active ...
001d ---- 6871                         ld          R6, [#fwCtrlExt/bvTaskInitializeReq]
001e ---- fd0e                         or          R7, R6
                                       ; ... and inactive ...
001f ---- 6873                         ld          R6, [#fwCtrlExt/bvTaskTerminateReq]
0020 ---- ed92                         inv         R6
0021 ---- fd06                         and         R7, R6
0022 ---- 7c6f                         st          R7, [#fwCtrlExt/bvActiveTasks]
               
                                       ; We're READY for another request
0023 ---- 642d                         iobset      #IOB_EVCTL_SWEV_READY, [#IOP_EVCTL_SWEVSET]
               
                                       ; Generate an ALERT interrupt if needed before powering back down
0024 ---- 0450                         jmp         GenAlertInterrupt;
               
               /handleReq:
                                       ; Restore the task ID, and load the function pointer (here to avoid pipeline hazard)
0025 ---- 786b                         ld          R7, [#fwCtrlInt/taskId]
0026 ---- 8f1f                         ld          R0, [R7+R0]
               
                                       ; Skip this request?
0027 ---- ed8f                         lsr         R6, R7
0028 ---- ec01                         tst         R6, #0x0001
0029 ---- be01                         bnz         /noSkip
002a ---- adb7                             rts
               /noSkip:
                                       ; Make the call by jump, with return (rts) in the "called" function
002b ---- 8db7                         jmp         R0
               
               
               
               
               AonRtcCh2Vector:
                                       ; Start clearing the RTC event
002c ---- 6630                         iobset      #IOB_WUC_WUEV_RTC, [#IOP_WUC_WUEVCLR]
               
                                       ; Clear the vector flag
002d ---- 6542                         iobset      #1, [#IOP_EVCTL_VECFLAGSCLR]
               
                                       ; For each task (R0 is the current task ID) ...
002e ---- 0000                         ld          R0, #0
               /loop:
                                           ; ... that is active ...
002f ---- 186f                             ld          R1, [#fwCtrlExt/bvActiveTasks]
0030 ---- 9d88                             lsr         R1, R0
0031 ---- 9c01                             tst         R1, #0x0001
0032 ---- b60d                             bz          /skip
               
                                               ; Fetch number of RTC intervals until next execution
0033 ---- 1067                                 ld          R1, #pFwTaskExecuteScheduleTable
0034 ---- af19                                 ld          R2, [R1+R0]
               
                                               ; If not already 0, decrement and store. If then 0 ...
0035 ---- aa00                                 cmp         R2, #0
0036 ---- b609                                 beq         /skip
0037 ---- a8ff                                 add         R2, #-1
0038 ---- af39                                 st          R2, [R1+R0]
0039 ---- be06                                 bnz         /skip
               
                                                   ; ... execute the task
003a ---- 0c6b                                     st          R0, [#fwCtrlInt/taskId]
003b ---- 8869                                     add         R0, #pFwTaskExecuteFuncTable
003c ---- 8f08                                     ld          R0, [R0]
                                                   ; Insert NOP to avoid pipeline hazard
003d ---- fd47                                     nop
003e ---- 9db7                                     jsr         R0
003f ---- 086b                                     ld          R0, [#fwCtrlInt/taskId]
               /skip:
                                           ; Move on to the next task
0040 ---- 8801                             add         R0, #1
               
0041 ---- 8a01                         cmp         R0, #TASK_COUNT
0042 ---- beec                         bneq        /loop
               
                                       ; Wait for the ACK event to be cleared
0043 ---- 262f /waitOnRtcClearing:     iobtst      #IOB_WUC_WUEV_RTC, [#IOP_WUC_WUEVFLAGS]
0044 ---- aefe                         biob1       /waitOnRtcClearing
0045 ---- 4630                         iobclr      #IOB_WUC_WUEV_RTC, [#IOP_WUC_WUEVCLR]
               
                                       ; Generate an ALERT interrupt if needed
0046 ---- 0450                         jmp         GenAlertInterrupt;
               
               
               
               
               Event0Vector:
                                       ; Disable and clear the vector flag
0047 ---- 5527                         iobclr      #IOB_EVCTL_VECCFG1_VEC2_EN, [#IOP_EVCTL_VECCFG1]
0048 ---- 6642                         iobset      #2, [#IOP_EVCTL_VECFLAGSCLR]
               
                                       ; Set the task ID
0049 ---- 0000                         ld          R0, #0
004a ---- 0c6b                         st          R0, [#fwCtrlInt/taskId]
               
                                       ; Jump to the event task code
004b ---- 1499                         jsr         temperature/event0
               
                                       ; Generate an ALERT interrupt if needed
004c ---- 0450                         jmp         GenAlertInterrupt;
               
               
               
               
               TaskAlertAckVector:
                                       ; Clear the vector flag
004d ---- 6742                         iobset      #3, [#IOP_EVCTL_VECFLAGSCLR]
               
                                       ; Re-enable generation of ALERT interrupts
004e ---- 03ff                         ld          R0, #-1
004f ---- 0c6d                         st          R0, [#fwCtrlInt/alertGenMask]
               
                                       ; Fall through to GenAlertInterrupt to generate another ALERT interrupt if needed
               
               
               
               
               GenAlertInterrupt:
                                       ; Do we have any ALERT-generating flags pending?
0050 ---- 786c                         ld          R7, [#fwCtrlInt/bvTaskIoAlert]
               
                                       ; Skip if the last I/O ALERT interrupt has not been acknowledged
0051 ---- 686d                         ld          R6, [#fwCtrlInt/alertGenMask]
0052 ---- ed37                         tst         R6, R7
0053 ---- b605                         bz          /skip
               
                                           ; Transfer I/O flags from internal to external
0054 ---- 0000                             ld          R0, #0
0055 ---- 0c6c                             st          R0, [#fwCtrlInt/bvTaskIoAlert]
0056 ---- 7c70                             st          R7, [#fwCtrlExt/bvTaskIoAlert]
               
                                           ; Generate the ALERT interrupt, and clear the generation mask
0057 ---- 652d                             iobset      #IOB_EVCTL_SWEV_ALERT, [#IOP_EVCTL_SWEVSET]
0058 ---- 0c6d                             st          R0, [#fwCtrlInt/alertGenMask]
               /skip:
                                       ; Fall through to PowerDown ...
               
               
               
               
               PowerDown:
                                       ; If there are no unacknowledged ALERTs and no vectors pending ...
0059 ---- 786d                         ld          R7, [#fwCtrlInt/alertGenMask]
005a ---- 686e                         ld          R6, [#fwCtrlInt/alertCanPdAuxMask]
005b ---- fd0e                         or          R7, R6
005c ---- f801                         add         R7, #1 ; 0xFFFF -> 0x0000
005d ---- e92b                         in          R6, [#IOP_EVCTL_VECFLAGS]
005e ---- fd0e                         or          R7, R6
005f ---- be01                         bnz         /noPowerDown
               
                                           ; Assert the power-down request. We'll make sure that it has taken effect
                                           ; or been completely ignored when waking up again
0060 ---- 6436                             iobset      #0, [#IOP_WUC_PWRDWNREQ]
               /noPowerDown:
                                       ; Sleep until the next event
0061 ---- bdb7 sleepInstr:             sleep
               
               
               
               
0062 ---- 241a AdiDdiAcquire:          iobtst      #0, [#IOP_SMPH_SMPH0]
0063 ---- a6fe                         biob0       AdiDdiAcquire
0064 ---- adb7                         rts
               
0065 ---- 641a AdiDdiRelease:          iobset      #0, [#IOP_SMPH_SMPH0]
0066 ---- adb7                         rts
               
               
               
               
               pFwTaskExecuteScheduleTable:
0067 ---- 0000                         dw          #0
               pFwTaskInitializeFuncTable:
0068 ---- 0078                         dw          #temperature/initialize
               pFwTaskExecuteFuncTable:
0069 ---- 007b                         dw          #temperature/execute
               pFwTaskTerminateFuncTable:
006a ---- 00fe                         dw          #temperature/terminate
               
               
               ; Internal control data
               fwCtrlInt:
006b ---- 0000 /taskId:                dw          #0      ; ID of the currently running task
006c ---- 0000 /bvTaskIoAlert:         dw          #0x0000 ; LSB = Normal data exchange, MSB = Overflow or underflow
006d ---- ffff /alertGenMask:          dw          #0xFFFF ; Can generate an ALERT interrupt now? (0xFFFF = yes, 0x0000 = no)
006e ---- 0000 /alertCanPdAuxMask:     dw          #0x0000 ; Can power down AUX domain after ALERT interrupt generation? (0xFFFF = yes, 0x0000 = no)
               
               ; External control data, shared with the driver
               fwCtrlExt:
006f ---- 0000 /bvActiveTasks:         dw          #0x0000 ; Indicates which tasks are currently active
0070 ---- 0000 /bvTaskIoAlert:         dw          #0x0000 ; LSB = Normal data exchange, MSB = Overflow or underflow
0071 ---- 0000 /bvTaskInitializeReq:   dw          #0x0000 ; Requests tasks to start
0072 ---- 0000 /bvTaskExecuteReq:      dw          #0x0000 ; Requests tasks to execute once immediately
0073 ---- 0000 /bvTaskTerminateReq:    dw          #0x0000 ; Requests tasks to stop
               
               
               .segment end "Framework"
               
               
               fwTaskDataStructures:
               .segment begin "Task: Temperature"
               temperature/cfg:
               temperature/input:
               temperature/output:
               temperature/output/resultHumidityRaw:
0074 ---- 0000                         dw          #0
               temperature/output/resultTemperatureRaw:
0075 ---- 0000                         dw          #0
               temperature/state:
               temperature/state/i2cStatus:
0076 ---- 0000                         dw          #0
               temperature/state/measureStage:
0077 ---- 0000                         dw          #0
               .segment end "Task: Temperature"
               
               
               .segment begin "Task: Temperature"
               temperature/initialize:
               ;? // Schedule the first execution
               ;? fwScheduleTask(1);
0078 ---- 0001                         ld          R0, #1
0079 ---- 0c67                         st          R0, [#(pFwTaskExecuteScheduleTable + 0)]
               temperature/initializeDone:
007a ---- adb7                         rts         
               
               
               
               
               temperature/execute:
               ;? // Configure and start the next measurement
               ;? if (state.measureStage == 0){
007b ---- 0877                         ld          R0, [#temperature/state/measureStage]
007c ---- 8a00                         cmp         R0, #0
007d ---- be1a                         bneq        /id0066
               ;?     gpioSetOutput (AUXIO_O_SENSOR_POWER);
007e ---- 640f                             iobset      #(8 & 0x7), [#(IOP_AIODIO0_GPIODOUT + (8 >> 3))]
               ;?     
               ;?     fwDelayUs(30000, FW_DELAY_RANGE_100_MS);
007f ---- 702c                             ld          R7, #(((30000 * 24 ) + ((1 << 14) - 1)) >> 14)
0080 ---- 600e                             ld          R6, #14
0081 ---- 1501                             jsr         FwDelay
               ;?     
               ;?     i2cStart();
0082 ---- 6000                             ld          R6, #0x0000
0083 ---- 150d                             jsr         I2cStart
0084 ---- 6c76                             st          R6, [#temperature/state/i2cStatus]
               ;?     
               ;?     i2cTx(I2C_OP_WRITE | SHT21_IC_ADDR);
0085 ---- 7080                             ld          R7, #128
0086 ---- 6876                             ld          R6, [#temperature/state/i2cStatus]
0087 ---- 1524                             jsr         I2cTxByte
0088 ---- 6c76                             st          R6, [#temperature/state/i2cStatus]
               ;?     i2cTx(TRIG_T_MEASUREMENT);
0089 ---- 70f3                             ld          R7, #243
008a ---- 6876                             ld          R6, [#temperature/state/i2cStatus]
008b ---- 1524                             jsr         I2cTxByte
008c ---- 6c76                             st          R6, [#temperature/state/i2cStatus]
               ;?     
               ;?     i2cStop();
008d ---- 6876                             ld          R6, [#temperature/state/i2cStatus]
008e ---- 1542                             jsr         I2cStop
008f ---- 6c76                             st          R6, [#temperature/state/i2cStatus]
               ;?     
               ;?     evhSetupTimerTrigger(0, 85, 2);
0090 ---- 0055                             ld          R0, #85
0091 ---- 8b0d                             out         R0, [#IOP_TIMER_T1TARGET]
0092 8608 7022                             ld          R7, #(((2 << IOB_TIMER_TXCFG_PRE) | TIMER_TXCFG_TICK_SRC_RTC_4KHZ) | BV_TIMER_TXCFG_MODE_TICK)
0094 ---- fb0a                             out         R7, [#IOP_TIMER_T1CFG]
0095 ---- 7025                             ld          R7, #(BV_EVCTL_VECCFG1_VEC2_EN | (EVCTL_VECEVSEL_TIMER1_EV << IOB_EVCTL_VECCFG1_VEC2_EV))
0096 ---- 154d                             jsr         EvhSetupTrigger
0097 ---- 6444                             iobset      #0, [#IOP_TIMER_T1CTL]
               ;? }
               /id0066:
               temperature/executeDone:
0098 ---- adb7                         rts         
               
               
               
               
               temperature/event0:
               ;? if (state.measureStage == 0) {
0099 ---- 0877                         ld          R0, [#temperature/state/measureStage]
009a ---- 8a00                         cmp         R0, #0
009b ---- be39                         bneq        /id0090
               ;?     i2cStart();
009c ---- 6000                             ld          R6, #0x0000
009d ---- 150d                             jsr         I2cStart
009e ---- 6c76                             st          R6, [#temperature/state/i2cStatus]
               ;?     i2cTx(I2C_OP_READ | SHT21_IC_ADDR);
009f ---- 7081                             ld          R7, #129
00a0 ---- 6876                             ld          R6, [#temperature/state/i2cStatus]
00a1 ---- 1524                             jsr         I2cTxByte
00a2 ---- 6c76                             st          R6, [#temperature/state/i2cStatus]
               ;?     
               ;?     if (state.i2cStatus == 0x0000) {
00a3 ---- 0876                             ld          R0, [#temperature/state/i2cStatus]
00a4 ---- 8a00                             cmp         R0, #0
00a5 ---- be13                             bneq        /id0099
               ;?         U16 resultH;
               ;?         U16 resultL;
               ;?         U16 CRC;
               ;?         
               ;?         i2cRxAck(resultH);
00a6 ---- 7000                                 ld          R7, #0x0000
00a7 ---- 6876                                 ld          R6, [#temperature/state/i2cStatus]
00a8 ---- 1553                                 jsr         I2cRxByte
00a9 ---- 6c76                                 st          R6, [#temperature/state/i2cStatus]
00aa ---- 8d47                                 ld          R0, R7
               ;?         i2cRxAck(resultL);
00ab ---- 7000                                 ld          R7, #0x0000
00ac ---- 6876                                 ld          R6, [#temperature/state/i2cStatus]
00ad ---- 1553                                 jsr         I2cRxByte
00ae ---- 6c76                                 st          R6, [#temperature/state/i2cStatus]
00af ---- 9d47                                 ld          R1, R7
               ;?         i2cRxNack(CRC);
00b0 ---- 7001                                 ld          R7, #0x0001
00b1 ---- 6876                                 ld          R6, [#temperature/state/i2cStatus]
00b2 ---- 1553                                 jsr         I2cRxByte
00b3 ---- 6c76                                 st          R6, [#temperature/state/i2cStatus]
               ;?         
               ;?         resultL = resultL & (~0x03);
00b4 86ff 90fc                                 and         R1, #65532
               ;?         
               ;?         output.resultTemperatureRaw = (resultH << 8) | resultL;
00b6 ---- 8da0                                 lsl         R0, #8
00b7 ---- 8d09                                 or          R0, R1
00b8 ---- 0c75                                 st          R0, [#temperature/output/resultTemperatureRaw]
               ;?     }
               /id0099:
               ;?     i2cStop();
00b9 ---- 6876                             ld          R6, [#temperature/state/i2cStatus]
00ba ---- 1542                             jsr         I2cStop
00bb ---- 6c76                             st          R6, [#temperature/state/i2cStatus]
               ;?     
               ;?     //trigger read Humidity
               ;?     state.measureStage = 1;
00bc ---- 0001                             ld          R0, #1
00bd ---- 0c77                             st          R0, [#temperature/state/measureStage]
               ;?     
               ;?     i2cStart();
00be ---- 6000                             ld          R6, #0x0000
00bf ---- 150d                             jsr         I2cStart
00c0 ---- 6c76                             st          R6, [#temperature/state/i2cStatus]
               ;?     
               ;?     i2cTx(I2C_OP_WRITE | SHT21_IC_ADDR);
00c1 ---- 7080                             ld          R7, #128
00c2 ---- 6876                             ld          R6, [#temperature/state/i2cStatus]
00c3 ---- 1524                             jsr         I2cTxByte
00c4 ---- 6c76                             st          R6, [#temperature/state/i2cStatus]
               ;?     i2cTx(TRIG_RH_MEASUREMENT);
00c5 ---- 70f5                             ld          R7, #245
00c6 ---- 6876                             ld          R6, [#temperature/state/i2cStatus]
00c7 ---- 1524                             jsr         I2cTxByte
00c8 ---- 6c76                             st          R6, [#temperature/state/i2cStatus]
               ;?     
               ;?     i2cStop();
00c9 ---- 6876                             ld          R6, [#temperature/state/i2cStatus]
00ca ---- 1542                             jsr         I2cStop
00cb ---- 6c76                             st          R6, [#temperature/state/i2cStatus]
               ;?     
               ;?     evhSetupTimerTrigger(0, 29, 2);
00cc ---- 001d                             ld          R0, #29
00cd ---- 8b0d                             out         R0, [#IOP_TIMER_T1TARGET]
00ce 8608 7022                             ld          R7, #(((2 << IOB_TIMER_TXCFG_PRE) | TIMER_TXCFG_TICK_SRC_RTC_4KHZ) | BV_TIMER_TXCFG_MODE_TICK)
00d0 ---- fb0a                             out         R7, [#IOP_TIMER_T1CFG]
00d1 ---- 7025                             ld          R7, #(BV_EVCTL_VECCFG1_VEC2_EN | (EVCTL_VECEVSEL_TIMER1_EV << IOB_EVCTL_VECCFG1_VEC2_EV))
00d2 ---- 154d                             jsr         EvhSetupTrigger
00d3 ---- 6444                             iobset      #0, [#IOP_TIMER_T1CTL]
               ;?     
               ;? } else {
00d4 ---- 04fd                         jmp         /id0092
               /id0090:
               ;?     
               ;?     i2cStart();
00d5 ---- 6000                             ld          R6, #0x0000
00d6 ---- 150d                             jsr         I2cStart
00d7 ---- 6c76                             st          R6, [#temperature/state/i2cStatus]
               ;?     i2cTx(I2C_OP_READ | SHT21_IC_ADDR);
00d8 ---- 7081                             ld          R7, #129
00d9 ---- 6876                             ld          R6, [#temperature/state/i2cStatus]
00da ---- 1524                             jsr         I2cTxByte
00db ---- 6c76                             st          R6, [#temperature/state/i2cStatus]
               ;?     
               ;?     if (state.i2cStatus == 0x0000) {
00dc ---- 0876                             ld          R0, [#temperature/state/i2cStatus]
00dd ---- 8a00                             cmp         R0, #0
00de ---- be13                             bneq        /id0136
               ;?         U16 resultH;
               ;?         U16 resultL;
               ;?         U16 CRC;
               ;?         
               ;?         i2cRxAck(resultH);
00df ---- 7000                                 ld          R7, #0x0000
00e0 ---- 6876                                 ld          R6, [#temperature/state/i2cStatus]
00e1 ---- 1553                                 jsr         I2cRxByte
00e2 ---- 6c76                                 st          R6, [#temperature/state/i2cStatus]
00e3 ---- 8d47                                 ld          R0, R7
               ;?         i2cRxAck(resultL);
00e4 ---- 7000                                 ld          R7, #0x0000
00e5 ---- 6876                                 ld          R6, [#temperature/state/i2cStatus]
00e6 ---- 1553                                 jsr         I2cRxByte
00e7 ---- 6c76                                 st          R6, [#temperature/state/i2cStatus]
00e8 ---- 9d47                                 ld          R1, R7
               ;?         i2cRxNack(CRC);
00e9 ---- 7001                                 ld          R7, #0x0001
00ea ---- 6876                                 ld          R6, [#temperature/state/i2cStatus]
00eb ---- 1553                                 jsr         I2cRxByte
00ec ---- 6c76                                 st          R6, [#temperature/state/i2cStatus]
               ;?         
               ;?         resultL = resultL & (~0x03);
00ed 86ff 90fc                                 and         R1, #65532
               ;?         
               ;?         output.resultHumidityRaw = (resultH << 8) | resultL;
00ef ---- 8da0                                 lsl         R0, #8
00f0 ---- 8d09                                 or          R0, R1
00f1 ---- 0c74                                 st          R0, [#temperature/output/resultHumidityRaw]
               ;?     }
               /id0136:
               ;?     i2cStop();
00f2 ---- 6876                             ld          R6, [#temperature/state/i2cStatus]
00f3 ---- 1542                             jsr         I2cStop
00f4 ---- 6c76                             st          R6, [#temperature/state/i2cStatus]
               ;?     
               ;?     //return back to read temp
               ;?     state.measureStage = 0;
00f5 ---- 0000                             ld          R0, #0
00f6 ---- 0c77                             st          R0, [#temperature/state/measureStage]
               ;?     gpioClearOutput (AUXIO_O_SENSOR_POWER);
00f7 ---- 440f                             iobclr      #(8 & 0x7), [#(IOP_AIODIO0_GPIODOUT + (8 >> 3))]
               ;? 
               ;?     
               ;?     fwGenAlertInterrupt();
00f8 ---- 086c                             ld          R0, [#fwCtrlInt/bvTaskIoAlert]
00f9 ---- 8201                             or          R0, #(1 << 0)
00fa ---- 0c6c                             st          R0, [#fwCtrlInt/bvTaskIoAlert]
               ;?     
               ;?     fwScheduleTask(1);
00fb ---- 0001                             ld          R0, #1
00fc ---- 0c67                             st          R0, [#(pFwTaskExecuteScheduleTable + 0)]
               ;? }
               /id0092:
               temperature/event0Done:
00fd ---- adb7                         rts         
               
               
               
               
               temperature/terminate:
               ;? evhCancelTrigger(0);
00fe ---- 5527                         iobclr      #IOB_EVCTL_VECCFG1_VEC2_EN, [#IOP_EVCTL_VECCFG1]
00ff ---- 6642                         iobset      #2, [#IOP_EVCTL_VECFLAGSCLR]
               temperature/terminateDone:
0100 ---- adb7                         rts         
               .segment end "Task: Temperature"
               
               
               .segment begin "Procedure Libary"
               ; 3 + 5 CPU cycles = 16 clock cycles = 0.66 microsecond are added to the specified delay (parameter
               ; loading and timer configuration)
               ;
               ; PARAMETERS:
               ;     R7 = Delay
               ;     R6 = Prescaler exponent
               ;
               ; CLOBBERS:
               ;     R6
               FwDelay:
                                       ; Set the delay
0101 ---- fb0c                         out         R7, [#IOP_TIMER_T0TARGET]
               
                                       ; Configure the timer (from clock, single-mode, prescaler exponent = R6)
0102 ---- eda4                         lsl         R6, #4
0103 ---- eb09                         out         R6, [#IOP_TIMER_T0CFG]
               
                                       ; Start the timer, wait for it to trigger, and stop it
0104 ---- 640b                         iobset      #0, [#IOP_TIMER_T0CTL]
0105 ---- cdb1                         wev1        #WEVSEL_TIMER0
0106 ---- adb7                         rts
               
               
               
               
               ; CLOBBERS:
               ;     R5
               I2cRepeatedStart:
                                       ; Wait T_LOW (SDA is already pull-up)
0107 ---- 53f4                         ld          R5, #-((I2C_BASE_DELAY + I2C_EXT_DELAY) - (1))
0108 ---- 1512                         jsr         I2cWaitDelay
               
                                       ; SCL = pull-up
0109 ---- 750f                         iobset      #(AUXIO_I2C_SCL & 0x7), [#(IOP_AIODIO0_GPIODOUT + (AUXIO_I2C_SCL >> 3))]
               
                                       ; Wait for SCL stretching to end or time out
010a ---- 1515                         jsr         I2cWaitSclStretch
               
                                       ; Wait T_SU_STA
010b ---- 53f4                         ld          R5, #-((I2C_BASE_DELAY + I2C_EXT_DELAY) - (1))
010c ---- 1512                         jsr         I2cWaitDelay
               I2cStart:
                                       ; SDA = driven low
010d ---- 540f                         iobclr      #(AUXIO_I2C_SDA & 0x7), [#(IOP_AIODIO0_GPIODOUT + (AUXIO_I2C_SDA >> 3))]
               
                                       ; Wait T_HD_STA
010e ---- 53f8                         ld          R5, #-((I2C_BASE_DELAY) - (1))
010f ---- 1512                         jsr         I2cWaitDelay
               
                                       ; SCL = driven low
0110 ---- 550f                         iobclr      #(AUXIO_I2C_SCL & 0x7), [#(IOP_AIODIO0_GPIODOUT + (AUXIO_I2C_SCL >> 3))]
               
                                       ; Done
0111 ---- adb7                         rts
               
               
               
               
               ; PARAMETERS
               ;     R5 = Delay excluding the I2cWaitDelay() call, in instruction cycles
               ;
               ; CLOBBERS:
               ;     R5
               I2cWaitDelay:
                                       ; Wait for the specified number of cycles
0112 ---- d802 /waitLoop:                  add         R5, #2
0113 ---- defe                         bneg        /waitLoop
               
                                       ; Done
0114 ---- adb7                         rts
               
               
               
               
               ; PARAMETERS:
               ;     R6 = Status flags
               ;
               ; RETURN VALUES:
               ;     R6 = Updated status flags
               ;
               ; CLOBBERS:
               ;     R5
               I2cWaitSclStretch:
                                       ; Load the timeout (up to 20 ms) loop counter = configured number of us
0115 ---- 53f6                         ld          R5, #(-I2C_STRETCH_TIMEOUT_US)
               /waitLoop:
                                           ; If SCL is high, we're done
0116 ---- 3513                             iobtst      #(AUXIO_I2C_SCL & 0x7), [#(IOP_AIODIO0_GPIODIN + (AUXIO_I2C_SCL >> 3))]
0117 ---- ae0b                             biob1       /done
                                           ; Unroll the loop to 12 instructions = 1 per loop for faster response
0118 ---- 3513                             iobtst      #(AUXIO_I2C_SCL & 0x7), [#(IOP_AIODIO0_GPIODIN + (AUXIO_I2C_SCL >> 3))]
0119 ---- ae09                             biob1       /done
011a ---- 3513                             iobtst      #(AUXIO_I2C_SCL & 0x7), [#(IOP_AIODIO0_GPIODIN + (AUXIO_I2C_SCL >> 3))]
011b ---- ae07                             biob1       /done
011c ---- 3513                             iobtst      #(AUXIO_I2C_SCL & 0x7), [#(IOP_AIODIO0_GPIODIN + (AUXIO_I2C_SCL >> 3))]
011d ---- ae05                             biob1       /done
011e ---- 3513                             iobtst      #(AUXIO_I2C_SCL & 0x7), [#(IOP_AIODIO0_GPIODIN + (AUXIO_I2C_SCL >> 3))]
011f ---- ae03                             biob1       /done
               
0120 ---- d801                         add         R5, #1;
0121 ---- bef4                         bnz         /waitLoop
               
               /timeout:               ; Timeout has occurred, so OR it into the flags and bail out
0122 ---- e202                         or          R6, #0x0002
               
               /done:                  ; Done
0123 ---- adb7                         rts
               
               
               
               
               ; PARAMETERS:
               ;     R7 = TX byte shift register
               ;     R6 = Status flags
               ;
               ; RETURN VALUES:
               ;     R7 = Updated TX byte shift register
               ;     R6 = Updated status flags
               ;
               ; CLOBBERS:
               ;     R5
               I2cTxByte:
                                       ; Bail out if an error has occurred
0124 ---- ea00                         cmp         R6, #0
0125 ---- be1b                         bnz         /done
               
               
                                       ; Transmit each bit in the data byte ...
0126 ---- b50e                         loop        #8, /byteLoopEnd
               
                                           ; Output the bit to SDA
0127 ---- fda1                             lsl         R7, #1
0128 8601 fc00                             tst         R7, #0x0100
012a ---- b602                             bz          /dataSdaLow
012b ---- 740f /dataSdaHigh:                   iobset      #(AUXIO_I2C_SDA & 0x7), [#(IOP_AIODIO0_GPIODOUT + (AUXIO_I2C_SDA >> 3))]
012c ---- 8e02                             bra         /dataSdaDone
012d ---- 540f /dataSdaLow:                    iobclr      #(AUXIO_I2C_SDA & 0x7), [#(IOP_AIODIO0_GPIODOUT + (AUXIO_I2C_SDA >> 3))]
012e ---- fd47                             nop
               /dataSdaDone:
                                           ; Wait T_LOW
012f ---- 53fa                             ld          R5, #-((I2C_BASE_DELAY + I2C_EXT_DELAY) - (7))
0130 ---- 1512                             jsr         I2cWaitDelay
               
                                           ; SCL = pull-up
0131 ---- 750f                             iobset      #(AUXIO_I2C_SCL & 0x7), [#(IOP_AIODIO0_GPIODOUT + (AUXIO_I2C_SCL >> 3))]
               
                                           ; Wait for SCL stretching to end or time out
0132 ---- 1515                             jsr         I2cWaitSclStretch
               
                                           ; Wait T_HIGH
0133 ---- 53fd                             ld          R5, #-(I2C_BASE_DELAY - (I2C_WAIT_STRETCH_DELAY + 1))
0134 ---- 1512                             jsr         I2cWaitDelay
               
                                           ; SCL = driven low
0135 ---- 550f                             iobclr      #(AUXIO_I2C_SCL & 0x7), [#(IOP_AIODIO0_GPIODOUT + (AUXIO_I2C_SCL >> 3))]
               /byteLoopEnd:
               
                                       ; Receive the ACK bit
                                       ; SDA = pull-up
0136 ---- 740f                         iobset      #(AUXIO_I2C_SDA & 0x7), [#(IOP_AIODIO0_GPIODOUT + (AUXIO_I2C_SDA >> 3))]
               
                                       ; Wait T_LOW
0137 ---- 53f4                         ld          R5, #-((I2C_BASE_DELAY + I2C_EXT_DELAY) - (1))
0138 ---- 1512                         jsr         I2cWaitDelay
               
                                       ; SCL = pull-up
0139 ---- 750f                         iobset      #(AUXIO_I2C_SCL & 0x7), [#(IOP_AIODIO0_GPIODOUT + (AUXIO_I2C_SCL >> 3))]
               
                                       ; Wait for SCL stretching to end or time out
013a ---- 1515                         jsr         I2cWaitSclStretch
               
                                       ; Wait T_HIGH
013b ---- 53fa                         ld          R5, #-((I2C_BASE_DELAY) - (3))
013c ---- 1512                         jsr         I2cWaitDelay
               
                                       ; Read and store the SDA value in the status word
013d ---- 3413                         iobtst      #(AUXIO_I2C_SDA & 0x7), [#(IOP_AIODIO0_GPIODIN + (AUXIO_I2C_SDA >> 3))]
013e ---- a601                         biob0       /ackSdaLow
013f ---- e201                             or          R6, #0x01
               /ackSdaLow:
                                       ; SCL = driven low
0140 ---- 550f                         iobclr      #(AUXIO_I2C_SCL & 0x7), [#(IOP_AIODIO0_GPIODOUT + (AUXIO_I2C_SCL >> 3))]
               
               
               /done:                  ; Done
0141 ---- adb7                         rts
               
               
               
               
               ; CLOBBERS:
               ;     R5
               I2cStop:
                                       ; SDA = driven low
0142 ---- 540f                         iobclr      #(AUXIO_I2C_SDA & 0x7), [#(IOP_AIODIO0_GPIODOUT + (AUXIO_I2C_SDA >> 3))]
               
                                       ; Wait T_LOW
0143 ---- 53f4                         ld          R5, #-((I2C_BASE_DELAY + I2C_EXT_DELAY) - (1))
0144 ---- 1512                         jsr         I2cWaitDelay
               
                                       ; SCL = pull-up
0145 ---- 750f                         iobset      #(AUXIO_I2C_SCL & 0x7), [#(IOP_AIODIO0_GPIODOUT + (AUXIO_I2C_SCL >> 3))]
               
                                       ; Wait for SCL stretching to end or time out
0146 ---- 1515                         jsr         I2cWaitSclStretch
               
                                       ; Wait T_SU_STO
0147 ---- 53fd                         ld          R5, #-((I2C_BASE_DELAY) - (I2C_WAIT_STRETCH_DELAY + 1))
0148 ---- 1512                         jsr         I2cWaitDelay
               
                                       ; SDA = pull-up
0149 ---- 740f                         iobset      #(AUXIO_I2C_SDA & 0x7), [#(IOP_AIODIO0_GPIODOUT + (AUXIO_I2C_SDA >> 3))]
               
                                       ; Wait T_BUF
014a ---- 53f5                         ld          R5, #-((I2C_BASE_DELAY + I2C_EXT_DELAY) - (2))
014b ---- 1512                         jsr         I2cWaitDelay
               
                                       ; Done
014c ---- adb7                         rts
               
               
               
               
               EvhSetupTrigger:
                                       ; Disable and clear the vector flag
014d ---- 5527                         iobclr      #IOB_EVCTL_VECCFG1_VEC2_EN, [#IOP_EVCTL_VECCFG1]
014e ---- 6642                         iobset      #2, [#IOP_EVCTL_VECFLAGSCLR]
               
                                       ; Configure and enable the vector flag (+ fixed configuration for channel 3)
014f 862b f200                         or          R7, #(BV_EVCTL_VECCFG1_VEC3_EN | (EVCTL_VECEVSEL_AON_SW << IOB_EVCTL_VECCFG1_VEC3_EV))
0151 ---- fb27                         out         R7, [#IOP_EVCTL_VECCFG1]
0152 ---- adb7                         rts
               
               
               
               
               ; PARAMETERS:
               ;     R7 = Acknowledgment bit value, 0x0000 to transmit ACK, 0x0001 to transmit NAK
               ;     R6 = Status flags
               ;
               ; RETURN VALUES:
               ;     R7 = RX byte shift register
               ;     R6 = Updated status flags
               ;
               ; CLOBBERS:
               ;     R5
               I2cRxByte:
                                       ; Bail out if an error has occurred
0153 ---- ea00                         cmp         R6, #0
0154 ---- be1c                         bnz         /done
               
               
                                       ; Receive each bit in the data byte ...
0155 ---- b50b                         loop        #8, /byteLoopEnd
               
                                           ; SDA = pull-up
0156 ---- 740f                             iobset      #(AUXIO_I2C_SDA & 0x7), [#(IOP_AIODIO0_GPIODOUT + (AUXIO_I2C_SDA >> 3))]
               
                                           ; Wait T_LOW
0157 ---- 53f5                             ld          R5, #-((I2C_BASE_DELAY + I2C_EXT_DELAY) - (2))
0158 ---- 1512                             jsr         I2cWaitDelay
               
                                           ; SCL = pull-up
0159 ---- 750f                             iobset      #(AUXIO_I2C_SCL & 0x7), [#(IOP_AIODIO0_GPIODOUT + (AUXIO_I2C_SCL >> 3))]
               
                                           ; Wait for SCL stretching to end or time out
015a ---- 1515                             jsr         I2cWaitSclStretch
               
                                           ; Wait T_HIGH
015b ---- 53ff                             ld          R5, #-((I2C_BASE_DELAY) - (I2C_WAIT_STRETCH_DELAY + 3))
015c ---- 1512                             jsr         I2cWaitDelay
               
                                           ; Read and store SDA
015d ---- fda1                             lsl         R7, #1
015e ---- 3413                             iobtst      #(AUXIO_I2C_SDA & 0x7), [#(IOP_AIODIO0_GPIODIN + (AUXIO_I2C_SDA >> 3))]
015f ---- a601                             biob0       /dataSdaLow
0160 ---- f201                                 or          R7, #0x01
               /dataSdaLow:
                                           ; SCL = driven low
0161 ---- 550f                             iobclr      #(AUXIO_I2C_SCL & 0x7), [#(IOP_AIODIO0_GPIODOUT + (AUXIO_I2C_SCL >> 3))]
               /byteLoopEnd:
               
                                       ; Transmit the ACK bit, which is now in bit 8 of the shift register
                                       ; Output the bit to SDA
0162 8601 fc00                         tst         R7, #0x0100
0164 ---- b602                         bz          /ackSdaLow
0165 ---- 740f /ackSdaHigh:                iobset      #(AUXIO_I2C_SDA & 0x7), [#(IOP_AIODIO0_GPIODOUT + (AUXIO_I2C_SDA >> 3))]
0166 ---- 8e02                         bra         /ackSdaDone
0167 ---- 540f /ackSdaLow:                 iobclr      #(AUXIO_I2C_SDA & 0x7), [#(IOP_AIODIO0_GPIODOUT + (AUXIO_I2C_SDA >> 3))]
0168 ---- fd47                         nop
               /ackSdaDone:
                                       ; Wait T_LOW
0169 ---- 53f9                         ld          R5, #-((I2C_BASE_DELAY + I2C_EXT_DELAY) - (6))
016a ---- 1512                         jsr         I2cWaitDelay
               
                                       ; SCL = pull-up
016b ---- 750f                         iobset      #(AUXIO_I2C_SCL & 0x7), [#(IOP_AIODIO0_GPIODOUT + (AUXIO_I2C_SCL >> 3))]
               
                                       ; Wait for SCL stretching to end or time out
016c ---- 1515                         jsr         I2cWaitSclStretch
               
                                       ; Wait T_HIGH
016d ---- 53fd                         ld          R5, #-((I2C_BASE_DELAY) - (I2C_WAIT_STRETCH_DELAY + 1))
016e ---- 1512                         jsr         I2cWaitDelay
               
                                       ; SCL = driven low
016f ---- 550f                         iobclr      #(AUXIO_I2C_SCL & 0x7), [#(IOP_AIODIO0_GPIODOUT + (AUXIO_I2C_SCL >> 3))]
               
                                       ; Mask the ACK bit in the received data
0170 ---- f0ff                         and         R7, #0xFF
               
               
               /done:                  ; Done
0171 ---- adb7                         rts
               .segment end "Procedure Libary"
               

; Generated by PSILON-VAIO at 2017-05-25 13:13:50.846
